../Core/Src/main.c:112:6:playnote	16	static
../Core/Src/main.c:147:6:HAL_TIM_PeriodElapsedCallback	16	static
../Core/Src/main.c:172:6:HAL_GPIO_EXTI_Callback	16	static
../Core/Src/main.c:197:5:main	8	static
../Core/Src/main.c:244:6:SystemClock_Config	88	static
../Core/Src/main.c:291:13:MX_TIM1_Init	96	static
../Core/Src/main.c:366:13:MX_TIM2_Init	32	static
../Core/Src/main.c:411:13:MX_USART2_UART_Init	8	static
../Core/Src/main.c:444:13:MX_GPIO_Init	48	static
../Core/Src/main.c:490:6:Error_Handler	4	static,ignoring_inline_asm
