../Core/Src/main.c:121:6:IR_UART_Transmit	8	static
../Core/Src/main.c:137:6:HAL_UART_RxCpltCallback	16	static
../Core/Src/main.c:150:6:HAL_TIM_PeriodElapsedCallback	32	static
../Core/Src/main.c:279:5:main	16	static
../Core/Src/main.c:344:6:SystemClock_Config	88	static
../Core/Src/main.c:391:13:MX_TIM2_Init	48	static
../Core/Src/main.c:440:13:MX_TIM3_Init	32	static
../Core/Src/main.c:485:13:MX_TIM4_Init	32	static
../Core/Src/main.c:530:13:MX_USART1_UART_Init	8	static
../Core/Src/main.c:563:13:MX_USART2_UART_Init	8	static
../Core/Src/main.c:594:13:MX_DMA_Init	16	static
../Core/Src/main.c:616:13:MX_GPIO_Init	48	static
../Core/Src/main.c:666:6:Error_Handler	4	static,ignoring_inline_asm
